2026-07-25 20:24:26,284 [INFO] Fetching official Nifty 500 constituent list...
2026-07-25 20:24:27,161 [INFO] Saved 500 symbols -> C:\Users\Suchit Sharma\Downloads\files\nifty500_symbols.txt
2026-07-25 20:24:27,164 [INFO] 10 total symbols, 0 already done, 10 remaining
2026-07-25 20:24:30,183 [INFO] generated new fontManager
2026-07-25 20:24:30,600 [INFO] [1/10] 360ONE
2026-07-25 20:25:01,138 [ERROR]   ! 360ONE failed: Data for column "Open" must be ALL float or int.
2026-07-25 20:25:03,140 [INFO] [2/10] 3MINDIA
2026-07-25 20:25:25,038 [ERROR]   ! 3MINDIA failed: Data for column "Open" must be ALL float or int.
2026-07-25 20:25:27,040 [INFO] [3/10] ABB
2026-07-25 20:25:51,531 [ERROR]   ! ABB failed: Data for column "Open" must be ALL float or int.
2026-07-25 20:25:53,533 [INFO] [4/10] ACC
2026-07-25 20:26:19,279 [ERROR]   ! ACC failed: Data for column "Open" must be ALL float or int.
2026-07-25 20:26:21,280 [INFO] [5/10] ACMESOLAR
2026-07-25 20:26:37,517 [ERROR]   ! ACMESOLAR failed: Data for column "Open" must be ALL float or int.
2026-07-25 20:26:39,518 [INFO] [6/10] AIAENG
2026-07-25 20:27:13,001 [ERROR]   ! AIAENG failed: Data for column "Open" must be ALL float or int.
2026-07-25 20:27:15,003 [INFO] [7/10] APLAPOLLO
2026-07-25 20:27:39,119 [ERROR]   ! APLAPOLLO failed: Data for column "Open" must be ALL float or int.
2026-07-25 20:27:41,121 [INFO] [8/10] AUBANK
2026-07-25 20:28:19,240 [ERROR]   ! AUBANK failed: Data for column "Open" must be ALL float or int.
2026-07-25 20:28:21,241 [INFO] [9/10] AWL
2026-07-25 20:28:54,289 [ERROR]   ! AWL failed: Data for column "Open" must be ALL float or int.
2026-07-25 20:28:56,290 [INFO] [10/10] AADHARHFC
2026-07-25 20:29:23,910 [ERROR]   ! AADHARHFC failed: Data for column "Open" must be ALL float or int.
2026-07-25 20:29:25,921 [INFO] Fundamentals master table updated -> C:\Users\Suchit Sharma\Downloads\files\fundamentals\fundamentals_master.csv
2026-07-25 20:29:25,921 [INFO] Run complete. Re-run the same command any time to pick up where you left off (already-completed symbols are skipped via progress.csv).
2026-07-25 20:30:05,530 [INFO] Using existing symbol list: C:\Users\Suchit Sharma\Downloads\files\nifty500_symbols.txt
2026-07-25 20:30:05,532 [INFO] 500 total symbols, 0 already done, 500 remaining
2026-07-25 20:30:06,386 [INFO] [1/500] 360ONE
2026-07-25 20:30:10,399 [ERROR]   ! 360ONE failed: Data for column "Open" must be ALL float or int.
2026-07-25 20:30:12,400 [INFO] [2/500] 3MINDIA
2026-07-25 20:30:15,719 [ERROR]   ! 3MINDIA failed: Data for column "Open" must be ALL float or int.
2026-07-25 20:30:17,720 [INFO] [3/500] ABB
2026-07-25 20:30:19,654 [ERROR]   ! ABB failed: Data for column "Open" must be ALL float or int.
2026-07-25 20:30:21,656 [INFO] [4/500] ACC
2026-07-25 20:30:22,892 [ERROR]   ! ACC failed: Data for column "Open" must be ALL float or int.
2026-07-25 20:30:24,894 [INFO] [5/500] ACMESOLAR
2026-07-25 20:30:26,084 [ERROR]   ! ACMESOLAR failed: Data for column "Open" must be ALL float or int.
2026-07-25 20:30:28,086 [INFO] [6/500] AIAENG
2026-07-25 20:30:29,226 [ERROR]   ! AIAENG failed: Data for column "Open" must be ALL float or int.
2026-07-25 20:30:31,228 [INFO] [7/500] APLAPOLLO
2026-07-25 20:30:32,441 [ERROR]   ! APLAPOLLO failed: Data for column "Open" must be ALL float or int.
2026-07-25 20:30:34,442 [INFO] [8/500] AUBANK
2026-07-25 20:30:35,497 [ERROR]   ! AUBANK failed: Data for column "Open" must be ALL float or int.
2026-07-25 20:30:37,498 [INFO] [9/500] AWL
2026-07-25 20:30:39,113 [ERROR]   ! AWL failed: Data for column "Open" must be ALL float or int.
2026-07-25 20:30:41,114 [INFO] [10/500] AADHARHFC
2026-07-25 20:30:42,234 [ERROR]   ! AADHARHFC failed: Data for column "Open" must be ALL float or int.
2026-07-25 20:30:44,235 [INFO] [11/500] AARTIIND
2026-07-25 20:31:07,033 [ERROR]   ! AARTIIND failed: Data for column "Open" must be ALL float or int.
2026-07-25 20:31:09,034 [INFO] [12/500] AAVAS
2026-07-25 20:31:28,631 [ERROR]   ! AAVAS failed: Data for column "Open" must be ALL float or int.
2026-07-25 20:31:30,632 [INFO] [13/500] ABBOTINDIA
2026-07-25 20:32:04,898 [ERROR]   ! ABBOTINDIA failed: Data for column "Open" must be ALL float or int.
2026-07-25 20:32:06,900 [INFO] [14/500] ACE
2026-07-25 20:32:26,122 [ERROR]   ! ACE failed: Data for column "Open" must be ALL float or int.
2026-07-25 20:32:28,123 [INFO] [15/500] ACUTAAS
2026-07-25 20:32:49,588 [ERROR]   ! ACUTAAS failed: Data for column "Open" must be ALL float or int.
2026-07-25 20:32:51,592 [INFO] [16/500] ADANIENSOL
2026-07-25 20:33:21,548 [ERROR]   ! ADANIENSOL failed: Data for column "Open" must be ALL float or int.
2026-07-25 20:33:23,550 [INFO] [17/500] ADANIENT
2026-07-25 20:33:56,821 [ERROR]   ! ADANIENT failed: Data for column "Open" must be ALL float or int.
2026-07-25 20:33:58,823 [INFO] [18/500] ADANIGREEN
2026-07-25 20:34:28,265 [ERROR]   ! ADANIGREEN failed: Data for column "Open" must be ALL float or int.
2026-07-25 20:34:30,268 [INFO] [19/500] ADANIPORTS
2026-07-25 20:35:07,459 [ERROR]   ! ADANIPORTS failed: Data for column "Open" must be ALL float or int.
2026-07-25 20:35:09,461 [INFO] [20/500] ADANIPOWER
2026-07-25 20:35:39,197 [ERROR]   ! ADANIPOWER failed: Data for column "Open" must be ALL float or int.
2026-07-25 20:35:41,199 [INFO] [21/500] ATGL
2026-07-25 20:36:15,832 [ERROR]   ! ATGL failed: Data for column "Open" must be ALL float or int.
2026-07-25 20:36:17,833 [INFO] [22/500] ABCAPITAL
2026-07-25 20:36:51,838 [ERROR]   ! ABCAPITAL failed: Data for column "Open" must be ALL float or int.
2026-07-25 20:36:53,840 [INFO] [23/500] ABFRL
2026-07-25 20:37:26,377 [ERROR]   ! ABFRL failed: Data for column "Open" must be ALL float or int.
2026-07-25 20:37:28,379 [INFO] [24/500] ABLBL
2026-07-25 20:37:50,014 [ERROR]   ! ABLBL failed: Data for column "Open" must be ALL float or int.
2026-07-25 20:37:52,015 [INFO] [25/500] ABREL
2026-07-25 20:38:24,328 [ERROR]   ! ABREL failed: Data for column "Open" must be ALL float or int.
2026-07-25 20:38:26,329 [INFO] [26/500] ABSLAMC
2026-07-25 20:38:46,634 [ERROR]   ! ABSLAMC failed: Data for column "Open" must be ALL float or int.
2026-07-25 20:38:48,635 [INFO] [27/500] CPPLUS
2026-07-25 20:39:12,360 [ERROR]   ! CPPLUS failed: Data for column "Open" must be ALL float or int.
2026-07-25 20:39:14,361 [INFO] [28/500] AEGISLOG
2026-07-25 20:39:31,967 [ERROR]   ! AEGISLOG failed: Data for column "Open" must be ALL float or int.
2026-07-25 20:39:33,968 [INFO] [29/500] AEGISVOPAK
2026-07-25 20:39:49,063 [ERROR]   ! AEGISVOPAK failed: Data for column "Open" must be ALL float or int.
2026-07-25 20:39:51,064 [INFO] [30/500] AFCONS
2026-07-25 20:40:06,964 [ERROR]   ! AFCONS failed: Data for column "Open" must be ALL float or int.
2026-07-25 20:40:08,965 [INFO] [31/500] AFFLE
2026-07-25 20:40:34,984 [ERROR]   ! AFFLE failed: Data for column "Open" must be ALL float or int.
2026-07-25 20:40:36,985 [INFO] [32/500] AJANTPHARM
2026-07-25 20:40:57,592 [ERROR]   ! AJANTPHARM failed: Data for column "Open" must be ALL float or int.
2026-07-25 20:40:59,593 [INFO] [33/500] ALKEM
2026-07-25 20:41:25,073 [ERROR]   ! ALKEM failed: Data for column "Open" must be ALL float or int.
2026-07-25 20:41:27,074 [INFO] [34/500] ABDL
2026-07-25 20:41:50,429 [ERROR]   ! ABDL failed: Data for column "Open" must be ALL float or int.
2026-07-25 20:41:52,430 [INFO] [35/500] ARE&M
2026-07-25 20:42:24,309 [ERROR]   ! ARE&M failed: Data for column "Open" must be ALL float or int.
2026-07-25 20:42:26,310 [INFO] [36/500] AMBER
2026-07-25 20:42:58,121 [ERROR]   ! AMBER failed: Data for column "Open" must be ALL float or int.
2026-07-25 20:43:00,122 [INFO] [37/500] AMBUJACEM
2026-07-25 20:43:24,128 [ERROR]   ! AMBUJACEM failed: Data for column "Open" must be ALL float or int.
2026-07-25 20:43:26,129 [INFO] [38/500] ANANDRATHI
2026-07-25 20:43:44,282 [ERROR]   ! ANANDRATHI failed: Data for column "Open" must be ALL float or int.
2026-07-25 20:43:46,283 [INFO] [39/500] ANANTRAJ
2026-07-25 20:44:03,790 [ERROR]   ! ANANTRAJ failed: Data for column "Open" must be ALL float or int.
2026-07-25 20:44:05,792 [INFO] [40/500] ANGELONE
2026-07-25 20:44:29,887 [ERROR]   ! ANGELONE failed: Data for column "Open" must be ALL float or int.
2026-07-25 20:44:31,888 [INFO] [41/500] ANTHEM
2026-07-25 20:44:45,757 [ERROR]   ! ANTHEM failed: Data for column "Open" must be ALL float or int.
2026-07-25 20:44:47,758 [INFO] [42/500] ANURAS
2026-07-25 20:45:07,075 [ERROR]   ! ANURAS failed: Data for column "Open" must be ALL float or int.
2026-07-25 20:45:09,076 [INFO] [43/500] APARINDS
2026-07-25 20:45:34,603 [ERROR]   ! APARINDS failed: Data for column "Open" must be ALL float or int.
2026-07-25 20:45:36,605 [INFO] [44/500] APOLLOHOSP
2026-07-25 20:46:04,032 [ERROR]   ! APOLLOHOSP failed: Data for column "Open" must be ALL float or int.
2026-07-25 20:46:06,033 [INFO] [45/500] APOLLOTYRE
2026-07-25 20:46:33,941 [ERROR]   ! APOLLOTYRE failed: Data for column "Open" must be ALL float or int.
2026-07-25 20:46:35,941 [INFO] [46/500] APTUS
2026-07-25 20:47:04,698 [ERROR]   ! APTUS failed: Data for column "Open" must be ALL float or int.
2026-07-25 20:47:06,700 [INFO] [47/500] ASAHIINDIA
2026-07-25 20:47:19,493 [ERROR]   ! ASAHIINDIA failed: Data for column "Open" must be ALL float or int.
2026-07-25 20:47:21,495 [INFO] [48/500] ASHOKLEY
2026-07-25 20:47:40,038 [ERROR]   ! ASHOKLEY failed: Data for column "Open" must be ALL float or int.
2026-07-25 20:47:42,039 [INFO] [49/500] ASIANPAINT
2026-07-25 20:48:32,585 [ERROR]   ! ASIANPAINT failed: Data for column "Open" must be ALL float or int.
2026-07-25 20:48:34,586 [INFO] [50/500] ASTERDM
2026-07-25 20:49:06,277 [ERROR]   ! ASTERDM failed: Data for column "Open" must be ALL float or int.
2026-07-25 20:49:08,279 [INFO] [51/500] ASTRAL
2026-07-25 20:51:19,714 [INFO] Using existing symbol list: C:\Users\Suchit Sharma\Downloads\files\nifty500_symbols.txt
2026-07-25 20:51:19,717 [INFO] 10 total symbols, 0 already done, 10 remaining
2026-07-25 20:51:21,357 [INFO] [1/10] 360ONE
2026-07-25 20:51:27,592 [ERROR]   ! 360ONE failed: Data for column "Open" must be ALL float or int.
2026-07-25 20:51:29,594 [INFO] [2/10] 3MINDIA
2026-07-25 20:51:34,048 [ERROR]   ! 3MINDIA failed: Data for column "Open" must be ALL float or int.
2026-07-25 20:51:36,050 [INFO] [3/10] ABB
2026-07-25 20:51:38,792 [ERROR]   ! ABB failed: Data for column "Open" must be ALL float or int.
2026-07-25 20:51:40,806 [INFO] [4/10] ACC
2026-07-25 20:51:43,337 [ERROR]   ! ACC failed: Data for column "Open" must be ALL float or int.
2026-07-25 20:51:45,338 [INFO] [5/10] ACMESOLAR
2026-07-25 20:51:47,686 [ERROR]   ! ACMESOLAR failed: Data for column "Open" must be ALL float or int.
2026-07-25 20:51:49,688 [INFO] [6/10] AIAENG
2026-07-25 20:51:52,045 [ERROR]   ! AIAENG failed: Data for column "Open" must be ALL float or int.
2026-07-25 20:51:54,047 [INFO] [7/10] APLAPOLLO
2026-07-25 20:51:57,025 [ERROR]   ! APLAPOLLO failed: Data for column "Open" must be ALL float or int.
2026-07-25 20:51:59,026 [INFO] [8/10] AUBANK
2026-07-25 20:52:01,787 [ERROR]   ! AUBANK failed: Data for column "Open" must be ALL float or int.
2026-07-25 20:52:03,789 [INFO] [9/10] AWL
2026-07-25 20:52:06,383 [ERROR]   ! AWL failed: Data for column "Open" must be ALL float or int.
2026-07-25 20:52:08,385 [INFO] [10/10] AADHARHFC
2026-07-25 20:52:10,856 [ERROR]   ! AADHARHFC failed: Data for column "Open" must be ALL float or int.
2026-07-25 20:52:12,934 [INFO] Fundamentals master table updated -> C:\Users\Suchit Sharma\Downloads\files\fundamentals\fundamentals_master.csv
2026-07-25 20:52:12,935 [INFO] Run complete. Re-run the same command any time to pick up where you left off (already-completed symbols are skipped via progress.csv).
2026-07-25 20:52:53,233 [INFO] Using existing symbol list: C:\Users\Suchit Sharma\Downloads\files\nifty500_symbols.txt
2026-07-25 20:52:53,235 [INFO] 10 total symbols, 0 already done, 10 remaining
2026-07-25 20:52:54,873 [INFO] [1/10] 360ONE
2026-07-25 20:53:03,608 [WARNING] findfont: Failed to find font weight semibold, now using 700.
2026-07-25 20:53:06,619 [INFO] [2/10] 3MINDIA
2026-07-25 20:53:14,830 [INFO] [3/10] ABB
2026-07-25 20:53:20,130 [INFO] [4/10] ACC
2026-07-25 20:53:24,632 [INFO] [5/10] ACMESOLAR
2026-07-25 20:53:29,645 [INFO] [6/10] AIAENG
2026-07-25 20:53:35,813 [INFO] [7/10] APLAPOLLO
2026-07-25 20:53:41,691 [INFO] [8/10] AUBANK
2026-07-25 20:53:47,132 [INFO] [9/10] AWL
2026-07-25 20:53:53,024 [INFO] [10/10] AADHARHFC
2026-07-25 20:53:58,560 [INFO] Fundamentals master table updated -> C:\Users\Suchit Sharma\Downloads\files\fundamentals\fundamentals_master.csv
2026-07-25 20:53:58,560 [INFO] Run complete. Re-run the same command any time to pick up where you left off (already-completed symbols are skipped via progress.csv).
2026-07-25 20:59:17,721 [INFO] Using existing symbol list: C:\Users\Suchit Sharma\Downloads\files\nifty500_symbols.txt
2026-07-25 20:59:17,731 [INFO] 500 total symbols, 10 already done, 490 remaining
2026-07-25 20:59:18,936 [INFO] [1/490] AARTIIND
2026-07-25 20:59:22,779 [WARNING] findfont: Failed to find font weight semibold, now using 700.
2026-07-25 20:59:25,322 [INFO] [2/490] AAVAS
2026-07-25 20:59:30,127 [INFO] [3/490] ABBOTINDIA
2026-07-25 20:59:38,790 [INFO] [4/490] ACE
2026-07-25 20:59:43,752 [INFO] [5/490] ACUTAAS
2026-07-25 20:59:48,544 [INFO] [6/490] ADANIENSOL
2026-07-25 20:59:54,034 [INFO] [7/490] ADANIENT
2026-07-25 20:59:59,136 [INFO] [8/490] ADANIGREEN
2026-07-25 21:00:04,258 [INFO] [9/490] ADANIPORTS
2026-07-25 21:00:09,338 [INFO] [10/490] ADANIPOWER
2026-07-25 21:00:16,174 [INFO] [11/490] ATGL
2026-07-25 21:00:21,744 [INFO] [12/490] ABCAPITAL
2026-07-25 21:00:29,387 [INFO] [13/490] ABFRL
2026-07-25 21:00:35,726 [INFO] [14/490] ABLBL
2026-07-25 21:00:40,332 [INFO] [15/490] ABREL
2026-07-25 21:00:46,065 [INFO] [16/490] ABSLAMC
2026-07-25 21:00:51,149 [INFO] [17/490] CPPLUS
2026-07-25 21:00:56,147 [INFO] [18/490] AEGISLOG
2026-07-25 21:01:01,255 [INFO] [19/490] AEGISVOPAK
2026-07-25 21:01:07,503 [INFO] [20/490] AFCONS
2026-07-25 21:01:11,653 [INFO] [21/490] AFFLE
2026-07-25 21:01:17,285 [INFO] [22/490] AJANTPHARM
2026-07-25 21:01:22,537 [INFO] [23/490] ALKEM
2026-07-25 21:01:28,505 [INFO] [24/490] ABDL
2026-07-25 21:01:34,104 [INFO] [25/490] ARE&M
2026-07-25 21:01:42,277 [INFO] [26/490] AMBER
2026-07-25 21:01:47,319 [INFO] [27/490] AMBUJACEM
2026-07-25 21:01:53,425 [INFO] [28/490] ANANDRATHI
2026-07-25 21:01:59,109 [INFO] [29/490] ANANTRAJ
2026-07-25 21:02:05,295 [INFO] [30/490] ANGELONE
2026-07-25 21:02:10,970 [INFO] [31/490] ANTHEM
2026-07-25 21:02:16,415 [INFO] [32/490] ANURAS
2026-07-25 21:02:24,598 [INFO] [33/490] APARINDS
2026-07-25 21:02:30,260 [INFO] [34/490] APOLLOHOSP
2026-07-25 21:02:35,222 [INFO] [35/490] APOLLOTYRE
2026-07-25 21:02:40,848 [INFO] [36/490] APTUS
2026-07-25 21:02:46,202 [INFO] [37/490] ASAHIINDIA
2026-07-25 21:02:51,188 [INFO] [38/490] ASHOKLEY
2026-07-25 21:02:56,658 [INFO] [39/490] ASIANPAINT
2026-07-25 21:03:02,651 [INFO] [40/490] ASTERDM
2026-07-25 21:03:08,414 [INFO] [41/490] ASTRAL
2026-07-25 21:03:28,286 [INFO] [42/490] ATHERENERG
2026-07-25 21:03:54,499 [INFO] [43/490] ATUL
2026-07-25 21:04:23,849 [INFO] [44/490] AUROPHARMA
2026-07-25 21:05:12,666 [INFO] [45/490] AIIL
2026-07-25 21:05:33,623 [INFO] [46/490] DMART
2026-07-25 21:06:06,991 [INFO] [47/490] AXISBANK
2026-07-25 21:06:52,355 [INFO] [48/490] BEML
2026-07-25 21:07:37,946 [INFO] [49/490] BLS
2026-07-25 21:08:17,849 [INFO] [50/490] BSE
2026-07-25 21:09:28,029 [INFO] [51/490] BAJAJ-AUTO
2026-07-25 21:11:42,470 [INFO] [52/490] BAJFINANCE
2026-07-25 21:12:20,337 [INFO] [53/490] BAJAJFINSV
2026-07-25 21:13:01,444 [INFO] [54/490] BAJAJHLDNG
2026-07-25 21:13:20,784 [INFO] [55/490] BAJAJHFL
2026-07-25 21:13:44,804 [INFO] [56/490] BALKRISIND
2026-07-25 21:14:14,700 [INFO] [57/490] BALRAMCHIN
2026-07-25 21:14:43,079 [INFO] [58/490] BANDHANBNK
2026-07-25 21:15:10,798 [INFO] [59/490] BANKBARODA
2026-07-25 21:15:48,118 [INFO] [60/490] BANKINDIA
2026-07-25 21:16:24,202 [INFO] [61/490] MAHABANK
2026-07-25 21:17:00,932 [INFO] [62/490] BATAINDIA
2026-07-25 21:17:33,183 [INFO] [63/490] BAYERCROP
2026-07-25 21:18:04,790 [INFO] [64/490] BELRISE
2026-07-25 21:18:35,532 [INFO] [65/490] BERGEPAINT
2026-07-25 21:19:11,233 [INFO] [66/490] BDL
2026-07-25 21:19:37,676 [INFO] [67/490] BEL
2026-07-25 21:20:16,699 [INFO] [68/490] BHARATFORG
2026-07-25 21:20:55,309 [INFO] [69/490] BHEL
2026-07-25 21:21:41,521 [INFO] [70/490] BPCL
2026-07-25 21:22:18,541 [INFO] [71/490] BHARTIARTL
2026-07-25 21:23:05,632 [INFO] [72/490] BHARTIHEXA
2026-07-25 21:23:38,510 [INFO] [73/490] BIKAJI
2026-07-25 21:24:18,089 [INFO] [74/490] GROWW
2026-07-25 21:24:33,281 [INFO] [75/490] BIOCON
2026-07-25 21:25:07,679 [INFO] [76/490] BSOFT
2026-07-25 21:25:36,378 [INFO] [77/490] BLUEDART
2026-07-25 21:26:06,826 [INFO] [78/490] BLUEJET
2026-07-25 21:26:30,129 [INFO] [79/490] BLUESTARCO
2026-07-25 21:27:04,743 [INFO] [80/490] BBTC
2026-07-25 21:27:38,447 [INFO] [81/490] BOSCHLTD
2026-07-25 21:28:22,359 [INFO] [82/490] FIRSTCRY
2026-07-25 21:28:46,590 [INFO] [83/490] BRIGADE
2026-07-25 21:29:26,825 [INFO] [84/490] BRITANNIA
2026-07-25 21:30:01,781 [INFO] [85/490] MAPMYINDIA
2026-07-25 21:30:32,905 [INFO] [86/490] CCL
2026-07-25 21:31:12,875 [INFO] [87/490] CESC
2026-07-25 21:31:36,317 [INFO] [88/490] CGPOWER
2026-07-25 21:32:08,364 [INFO] [89/490] CIEINDIA
2026-07-25 21:32:39,891 [INFO] [90/490] CRISIL
2026-07-25 21:33:15,218 [INFO] [91/490] CANFINHOME
2026-07-25 21:33:44,060 [INFO] [92/490] CANBK
2026-07-25 21:34:18,151 [INFO] [93/490] CANHLIFE
2026-07-25 21:34:55,235 [INFO] [94/490] CAPLIPOINT
2026-07-25 21:35:19,911 [INFO] [95/490] CGCL
2026-07-25 21:35:46,212 [INFO] [96/490] CARBORUNIV
2026-07-25 21:36:21,335 [INFO] [97/490] CARTRADE
2026-07-25 21:37:02,739 [INFO] [98/490] CASTROLIND
2026-07-25 21:37:39,505 [INFO] [99/490] CEATLTD
2026-07-25 21:38:24,312 [INFO] [100/490] CEMPRO
2026-07-25 21:38:57,365 [INFO] [101/490] CENTRALBK
2026-07-25 21:39:42,381 [INFO] [102/490] CDSL
2026-07-25 21:40:20,604 [INFO] [103/490] CHALET
2026-07-25 21:40:59,074 [INFO] [104/490] CHAMBLFERT
2026-07-25 21:41:27,282 [INFO] [105/490] CHENNPETRO
2026-07-25 21:42:11,721 [INFO] [106/490] CHOICEIN
2026-07-25 21:45:02,790 [INFO] [107/490] CHOLAHLDNG
2026-07-25 21:45:44,182 [INFO] [108/490] CHOLAFIN
2026-07-25 21:46:10,009 [INFO] [109/490] CIPLA
2026-07-25 21:46:50,557 [INFO] [110/490] CUB
2026-07-25 21:47:32,592 [INFO] [111/490] CLEAN
2026-07-25 21:47:56,381 [INFO] [112/490] COALINDIA
2026-07-25 21:48:30,108 [INFO] [113/490] COCHINSHIP
2026-07-25 21:49:08,699 [INFO] [114/490] COFORGE
2026-07-25 21:49:53,828 [INFO] [115/490] COHANCE
2026-07-25 21:50:34,268 [INFO] [116/490] COLPAL
2026-07-25 21:51:19,212 [INFO] [117/490] CAMS
2026-07-25 21:51:53,422 [INFO] [118/490] CONCORDBIO
2026-07-25 21:52:28,264 [INFO] [119/490] CONCOR
2026-07-25 21:53:01,945 [INFO] [120/490] COROMANDEL
2026-07-25 21:53:49,533 [INFO] [121/490] CRAFTSMAN
2026-07-25 21:54:18,276 [INFO] [122/490] CREDITACC
2026-07-25 21:54:54,579 [INFO] [123/490] CROMPTON
2026-07-25 21:55:29,764 [INFO] [124/490] CUMMINSIND
2026-07-25 21:56:06,444 [INFO] [125/490] CYIENT
2026-07-25 21:56:37,262 [INFO] [126/490] DCMSHRIRAM
2026-07-25 21:57:03,392 [INFO] [127/490] DLF
2026-07-25 21:57:38,850 [INFO] [128/490] DOMS
2026-07-25 21:58:07,207 [INFO] [129/490] DABUR
2026-07-25 21:58:45,441 [INFO] [130/490] DALBHARAT
2026-07-25 21:59:17,426 [INFO] [131/490] DATAPATTNS
2026-07-25 21:59:38,695 [INFO] [132/490] DEEPAKFERT
2026-07-25 22:00:05,230 [INFO] [133/490] DEEPAKNTR
2026-07-25 22:00:43,056 [INFO] [134/490] DELHIVERY
2026-07-25 22:01:12,530 [INFO] [135/490] DEVYANI
2026-07-25 22:01:47,395 [INFO] [136/490] DIVISLAB
2026-07-25 22:02:39,099 [INFO] [137/490] DIXON
2026-07-25 22:03:23,961 [INFO] [138/490] LALPATHLAB
2026-07-25 22:04:03,035 [INFO] [139/490] DRREDDY
2026-07-26 09:30:38,945 [ERROR] Failed to get ticker 'DRREDDY.NS' reason: Failed to perform, curl: (6) Could not resolve host: query2.finance.yahoo.com. See https://curl.se/libcurl/c/libcurl-errors.html first for more details.
2026-07-26 09:30:39,022 [ERROR] 
1 Failed download:
2026-07-26 09:30:39,050 [ERROR] ['DRREDDY.NS']: DNSError('Failed to perform, curl: (6) Could not resolve host: query2.finance.yahoo.com. See https://curl.se/libcurl/c/libcurl-errors.html first for more details.')
2026-07-26 09:30:41,104 [INFO] [140/490] EIDPARRY
2026-07-26 09:31:11,148 [INFO] [141/490] EIHOTEL
2026-07-26 09:31:50,375 [INFO] [142/490] EICHERMOT
2026-07-26 09:32:32,946 [INFO] [143/490] ELECON
2026-07-26 09:33:06,327 [INFO] [144/490] ELGIEQUIP
2026-07-26 09:33:34,950 [INFO] [145/490] EMAMILTD
2026-07-26 09:34:14,804 [INFO] [146/490] EMCURE
2026-07-26 09:34:37,462 [INFO] [147/490] EMMVEE
2026-07-26 09:34:53,109 [INFO] [148/490] ENDURANCE
2026-07-26 09:35:29,985 [INFO] [149/490] ENGINERSIN
2026-07-26 09:36:05,440 [INFO] [150/490] ERIS
2026-07-26 09:36:36,524 [INFO] [151/490] ESCORTS
2026-07-26 09:37:12,027 [INFO] [152/490] ETERNAL
2026-07-26 09:37:59,774 [INFO] [153/490] EXIDEIND
2026-07-26 09:38:39,058 [INFO] [154/490] NYKAA
2026-07-26 09:39:16,640 [INFO] [155/490] FEDERALBNK
2026-07-26 09:39:54,496 [INFO] [156/490] FACT
2026-07-26 09:40:15,947 [INFO] [157/490] FINCABLES
2026-07-26 09:40:43,947 [INFO] [158/490] FSL
2026-07-26 09:41:16,345 [INFO] [159/490] FIVESTAR
2026-07-26 09:41:48,277 [INFO] [160/490] FORCEMOT
2026-07-26 09:42:16,155 [INFO] [161/490] FORTIS
2026-07-26 09:42:49,590 [INFO] [162/490] GAIL
2026-07-26 09:43:31,929 [INFO] [163/490] GVT&D
2026-07-26 09:44:03,030 [INFO] [164/490] GMRAIRPORT
2026-07-26 09:44:38,365 [INFO] [165/490] GABRIEL
2026-07-26 09:45:09,829 [INFO] [166/490] GALLANTT
2026-07-26 09:45:33,262 [INFO] [167/490] GRSE
2026-07-26 09:46:05,915 [INFO] [168/490] GICRE
2026-07-26 09:46:38,979 [INFO] [169/490] GILLETTE
2026-07-26 09:47:19,346 [INFO] [170/490] GLAND
2026-07-26 09:48:00,274 [INFO] [171/490] GLAXO
2026-07-26 09:48:42,196 [INFO] [172/490] GLENMARK
2026-07-26 09:49:23,113 [INFO] [173/490] MEDANTA
2026-07-26 09:49:57,787 [INFO] [174/490] GODIGIT
2026-07-26 09:50:27,200 [INFO] [175/490] GPIL
2026-07-26 09:50:58,337 [INFO] [176/490] GODFRYPHLP
2026-07-26 09:51:19,966 [INFO] [177/490] GODREJCP
2026-07-26 09:52:00,852 [INFO] [178/490] GODREJIND
2026-07-26 09:52:30,456 [INFO] [179/490] GODREJPROP
2026-07-26 09:53:19,049 [INFO] [180/490] GRANULES
2026-07-26 09:54:07,317 [INFO] [181/490] GRAPHITE
2026-07-26 09:54:25,986 [INFO] [182/490] GRASIM
2026-07-26 09:55:06,767 [INFO] [183/490] GRAVITA
2026-07-26 09:55:43,058 [INFO] [184/490] GESHIP
2026-07-26 09:56:18,353 [INFO] [185/490] FLUOROCHEM
2026-07-26 09:56:52,335 [INFO] [186/490] GMDCLTD
2026-07-26 09:57:25,520 [INFO] [187/490] HEG
2026-07-26 09:58:05,177 [INFO] [188/490] HBLENGINE
2026-07-26 09:58:28,749 [INFO] [189/490] HCLTECH
2026-07-26 09:59:08,354 [INFO] [190/490] HDBFS
2026-07-26 09:59:33,297 [INFO] [191/490] HDFCAMC
2026-07-26 10:00:07,622 [INFO] [192/490] HDFCBANK
2026-07-26 10:00:46,919 [INFO] [193/490] HDFCLIFE
2026-07-26 10:01:19,827 [INFO] [194/490] HFCL
2026-07-26 10:02:01,763 [INFO] [195/490] HAVELLS
2026-07-26 10:02:33,582 [INFO] [196/490] HEROMOTOCO
2026-07-26 10:03:17,581 [INFO] [197/490] HEXT
2026-07-26 10:03:52,894 [INFO] [198/490] HSCL
2026-07-26 10:04:32,603 [INFO] [199/490] HINDALCO
2026-07-26 10:05:08,317 [INFO] [200/490] HAL
2026-07-26 10:05:37,173 [INFO] [201/490] HINDCOPPER
2026-07-26 10:06:08,513 [INFO] [202/490] HINDPETRO
2026-07-26 10:06:52,728 [INFO] [203/490] HINDUNILVR
2026-07-26 10:07:38,459 [INFO] [204/490] HINDZINC
2026-07-26 10:08:23,434 [INFO] [205/490] POWERINDIA
2026-07-26 10:08:55,928 [INFO] [206/490] HOMEFIRST
2026-07-26 10:09:45,740 [INFO] [207/490] HONASA
2026-07-26 10:10:19,517 [INFO] [208/490] HONAUT
2026-07-26 10:10:57,368 [INFO] [209/490] HUDCO
2026-07-26 10:11:34,193 [INFO] [210/490] HYUNDAI
2026-07-26 10:12:00,741 [INFO] [211/490] ICICIBANK
2026-07-26 10:12:49,721 [INFO] [212/490] ICICIGI
2026-07-26 10:13:28,794 [INFO] [213/490] ICICIAMC
2026-07-26 10:13:52,825 [INFO] [214/490] ICICIPRULI
2026-07-26 10:14:46,018 [INFO] [215/490] IDBI
2026-07-26 10:34:56,891 [INFO] [216/490] IDFCFIRSTB
2026-07-26 10:35:30,840 [INFO] [217/490] IFCI
2026-07-26 10:35:56,095 [INFO] [218/490] IIFL
2026-07-26 10:36:39,704 [INFO] [219/490] IRB
2026-07-26 10:37:18,689 [INFO] [220/490] IRCON
2026-07-26 10:37:55,312 [INFO] [221/490] ITCHOTELS
2026-07-26 10:38:17,726 [INFO] [222/490] ITC
2026-07-26 10:38:51,960 [INFO] [223/490] ITI
2026-07-26 10:39:17,882 [INFO] [224/490] INDGN
2026-07-26 10:39:51,011 [INFO] [225/490] INDIACEM
2026-07-26 10:40:16,523 [INFO] [226/490] INDIAMART
2026-07-26 10:41:00,366 [INFO] [227/490] INDIANB
2026-07-26 10:41:31,577 [INFO] [228/490] IEX
2026-07-26 10:42:02,300 [INFO] [229/490] INDHOTEL
2026-07-26 10:42:44,564 [INFO] [230/490] IOC
2026-07-26 10:43:33,719 [INFO] [231/490] IOB
2026-07-26 10:44:24,291 [INFO] [232/490] IRCTC
2026-07-26 10:45:00,775 [INFO] [233/490] IRFC
2026-07-26 10:45:29,665 [INFO] [234/490] IREDA
2026-07-26 10:45:55,399 [INFO] [235/490] IGL
2026-07-26 10:46:25,182 [INFO] [236/490] INDUSTOWER
2026-07-26 10:47:06,135 [INFO] [237/490] INDUSINDBK
2026-07-26 10:47:42,489 [INFO] [238/490] NAUKRI
2026-07-26 10:48:21,637 [INFO] [239/490] INFY
2026-07-26 10:48:57,803 [INFO] [240/490] INOXWIND
2026-07-26 10:49:27,734 [INFO] [241/490] INTELLECT
2026-07-26 10:50:07,338 [INFO] [242/490] INDIGO
2026-07-26 10:50:42,478 [INFO] [243/490] IGIL
2026-07-26 10:51:12,023 [INFO] [244/490] IKS
2026-07-26 10:51:30,898 [INFO] [245/490] IPCALAB
2026-07-26 10:51:50,729 [INFO] [246/490] JKCEMENT
2026-07-26 10:52:21,619 [INFO] [247/490] JBMA
2026-07-26 10:52:43,906 [INFO] [248/490] JKTYRE
2026-07-26 10:53:11,763 [INFO] [249/490] JMFINANCIL
2026-07-26 10:53:43,414 [INFO] [250/490] JSWCEMENT
2026-07-26 10:54:03,045 [INFO] [251/490] JSWDULUX
2026-07-26 10:54:33,861 [INFO] [252/490] JSWENERGY
2026-07-26 10:55:09,156 [INFO] [253/490] JSWINFRA
2026-07-26 10:55:36,304 [INFO] [254/490] JSWSTEEL
2026-07-26 10:56:10,210 [INFO] [255/490] JAINREC
2026-07-26 10:56:21,967 [INFO] [256/490] JPPOWER
2026-07-26 10:56:35,753 [INFO] [257/490] J&KBANK
2026-07-26 10:57:05,482 [INFO] [258/490] JINDALSAW
2026-07-26 10:57:30,317 [INFO] [259/490] JSL
2026-07-26 10:58:05,268 [INFO] [260/490] JINDALSTEL
2026-07-26 10:58:38,435 [INFO] [261/490] JIOFIN
2026-07-26 10:59:08,456 [INFO] [262/490] JUBLFOOD
2026-07-26 10:59:47,749 [INFO] [263/490] JUBLINGREA
2026-07-26 11:00:23,277 [INFO] [264/490] JUBLPHARMA
2026-07-26 11:00:56,996 [INFO] [265/490] JWL
2026-07-26 11:01:38,829 [INFO] [266/490] JYOTICNC
2026-07-26 11:02:08,497 [INFO] [267/490] KPRMILL
2026-07-26 11:02:42,590 [INFO] [268/490] KEI
2026-07-26 11:03:18,325 [INFO] [269/490] KPITTECH
2026-07-26 11:23:30,182 [ERROR] Failed to get ticker 'KPITTECH.NS' reason: Failed to perform, curl: (6) Could not resolve host: query2.finance.yahoo.com. See https://curl.se/libcurl/c/libcurl-errors.html first for more details.
2026-07-26 11:23:30,353 [ERROR] 
1 Failed download:
2026-07-26 11:23:30,369 [ERROR] ['KPITTECH.NS']: DNSError('Failed to perform, curl: (6) Could not resolve host: query2.finance.yahoo.com. See https://curl.se/libcurl/c/libcurl-errors.html first for more details.')
2026-07-26 11:23:32,547 [INFO] [270/490] KAJARIACER
2026-07-26 11:23:32,583 [ERROR] Failed to get ticker 'KAJARIACER.NS' reason: Failed to perform, curl: (6) Could not resolve host: query2.finance.yahoo.com. See https://curl.se/libcurl/c/libcurl-errors.html first for more details.
2026-07-26 11:23:32,590 [ERROR] $KAJARIACER.NS: possibly delisted; no price data found  (period=1y)
2026-07-26 11:23:32,601 [ERROR] 
1 Failed download:
2026-07-26 11:23:32,602 [ERROR] ['KAJARIACER.NS']: possibly delisted; no price data found  (period=1y)
2026-07-26 11:23:34,649 [INFO] [271/490] KPIL
2026-07-26 11:27:33,291 [INFO] [272/490] KALYANKJIL
2026-07-26 11:28:00,585 [INFO] [273/490] KARURVYSYA
2026-07-26 11:28:31,855 [INFO] [274/490] KAYNES
2026-07-26 11:29:08,258 [INFO] [275/490] KEC
2026-07-26 11:29:42,542 [INFO] [276/490] KFINTECH
2026-07-26 11:30:19,365 [INFO] [277/490] KIRLOSENG
2026-07-26 11:30:56,574 [INFO] [278/490] KOTAKBANK
2026-07-26 11:31:33,344 [INFO] [279/490] KIMS
2026-07-26 11:32:03,058 [INFO] [280/490] LTF
2026-07-26 11:32:39,305 [INFO] [281/490] LTTS
2026-07-26 11:36:42,737 [INFO] [282/490] LGEINDIA
2026-07-26 11:36:58,295 [INFO] [283/490] LICHSGFIN
2026-07-26 11:37:24,379 [INFO] [284/490] LTFOODS
2026-07-26 11:38:02,229 [INFO] [285/490] LTM
2026-07-26 11:38:40,161 [INFO] [286/490] LT
2026-07-26 11:39:23,780 [INFO] [287/490] LATENTVIEW
2026-07-26 11:40:01,596 [INFO] [288/490] LAURUSLABS
2026-07-26 11:40:37,316 [INFO] [289/490] THELEELA
2026-07-26 11:41:05,175 [INFO] [290/490] LEMONTREE
2026-07-26 11:41:36,934 [INFO] [291/490] LENSKART
2026-07-26 11:42:05,779 [INFO] [292/490] LICI
2026-07-26 11:42:39,892 [INFO] [293/490] LINDEINDIA
2026-07-26 11:42:58,424 [INFO] [294/490] LLOYDSME
2026-07-26 11:43:39,542 [INFO] [295/490] LODHA
2026-07-26 11:44:15,917 [INFO] [296/490] LUPIN
2026-07-26 11:44:54,652 [INFO] [297/490] MMTC
2026-07-26 11:45:22,245 [INFO] [298/490] MRF
2026-07-26 11:45:40,596 [INFO] [299/490] MGL
2026-07-26 11:46:19,143 [INFO] [300/490] M&MFIN
2026-07-26 11:47:01,499 [INFO] [301/490] M&M
2026-07-26 11:47:42,598 [INFO] [302/490] MANAPPURAM
2026-07-26 11:48:10,603 [INFO] [303/490] MRPL
2026-07-26 11:48:41,043 [INFO] [304/490] MANKIND
2026-07-26 11:49:20,257 [INFO] [305/490] MARICO
2026-07-26 11:50:01,018 [INFO] [306/490] MARUTI
2026-07-26 11:50:41,422 [INFO] [307/490] MFSL
2026-07-26 11:51:08,884 [INFO] [308/490] MAXHEALTH
2026-07-26 11:51:45,913 [INFO] [309/490] MAZDOCK
2026-07-26 11:52:16,780 [INFO] [310/490] MEESHO
2026-07-26 11:52:26,543 [INFO] [311/490] MINDACORP
2026-07-26 11:52:57,280 [INFO] [312/490] MSUMI
2026-07-26 11:53:22,710 [INFO] [313/490] MOTILALOFS
2026-07-26 11:54:03,418 [INFO] [314/490] MPHASIS
2026-07-26 11:54:36,657 [INFO] [315/490] MCX
2026-07-26 11:55:06,845 [INFO] [316/490] MUTHOOTFIN
2026-07-26 11:55:36,125 [INFO] [317/490] NATCOPHARM
2026-07-26 11:56:03,363 [INFO] [318/490] NBCC
2026-07-26 11:56:44,228 [INFO] [319/490] NCC
2026-07-26 11:57:18,445 [INFO] [320/490] NHPC
2026-07-26 11:57:57,460 [INFO] [321/490] NLCINDIA
2026-07-26 11:58:39,382 [INFO] [322/490] NMDC
2026-07-26 11:59:08,391 [INFO] [323/490] NSLNISP
2026-07-26 11:59:34,350 [INFO] [324/490] NTPCGREEN
2026-07-26 11:59:42,689 [INFO] [325/490] NTPC
2026-07-26 12:00:20,791 [INFO] [326/490] NH
2026-07-26 12:00:51,188 [INFO] [327/490] NATIONALUM
2026-07-26 12:01:19,338 [INFO] [328/490] NAVA
2026-07-26 12:02:03,643 [INFO] [329/490] NAVINFLUOR
2026-07-26 12:02:37,957 [INFO] [330/490] NESTLEIND
2026-07-26 12:03:18,758 [INFO] [331/490] NETWEB
2026-07-26 12:03:43,955 [INFO] [332/490] NEULANDLAB
2026-07-26 12:04:26,376 [INFO] [333/490] NEWGEN
2026-07-26 12:04:54,887 [INFO] [334/490] NAM-INDIA
2026-07-26 12:05:24,835 [INFO] [335/490] NIVABUPA
2026-07-26 12:05:47,607 [INFO] [336/490] NUVAMA
2026-07-26 12:06:14,519 [INFO] [337/490] NUVOCO
2026-07-26 12:06:51,314 [INFO] [338/490] OBEROIRLTY
2026-07-26 12:07:25,884 [INFO] [339/490] ONGC
2026-07-26 12:08:34,506 [INFO] [340/490] OIL
2026-07-26 12:09:04,343 [INFO] [341/490] OLAELEC
2026-07-26 12:09:23,288 [INFO] [342/490] OLECTRA
2026-07-26 12:09:49,102 [INFO] [343/490] PAYTM
2026-07-26 12:10:15,980 [INFO] [344/490] ONESOURCE
2026-07-26 12:10:35,064 [INFO] [345/490] OFSS
2026-07-26 12:10:48,458 [INFO] [346/490] POLICYBZR
2026-07-26 12:11:24,735 [INFO] [347/490] PCBL
2026-07-26 12:11:58,272 [INFO] [348/490] PGEL
2026-07-26 12:12:26,246 [INFO] [349/490] PIIND
2026-07-26 12:13:01,127 [INFO] [350/490] PNBHOUSING
2026-07-26 12:13:29,143 [INFO] [351/490] PTCIL
2026-07-26 12:13:49,012 [INFO] [352/490] PVRINOX
2026-07-26 12:14:14,342 [INFO] [353/490] PAGEIND
2026-07-26 12:14:53,362 [INFO] [354/490] PARADEEP
2026-07-26 12:15:27,889 [INFO] [355/490] PATANJALI
2026-07-26 12:15:59,734 [INFO] [356/490] PERSISTENT
2026-07-26 12:16:30,840 [INFO] [357/490] PETRONET
2026-07-26 12:17:03,953 [INFO] [358/490] PFIZER
2026-07-26 12:17:30,381 [INFO] [359/490] PHOENIXLTD
2026-07-26 12:18:06,596 [INFO] [360/490] PWL
2026-07-26 12:18:16,711 [INFO] [361/490] PIDILITIND
2026-07-26 12:18:44,033 [INFO] [362/490] PINELABS
2026-07-26 12:18:59,718 [INFO] [363/490] PIRAMALFIN
2026-07-26 12:19:25,507 [INFO] [364/490] PPLPHARMA
2026-07-26 12:19:55,332 [INFO] [365/490] POLYMED
2026-07-26 12:20:27,399 [INFO] [366/490] POLYCAB
2026-07-26 12:20:51,588 [INFO] [367/490] POONAWALLA
2026-07-26 12:21:26,944 [INFO] [368/490] PFC
2026-07-26 12:22:00,484 [INFO] [369/490] POWERGRID
2026-07-26 12:22:36,269 [INFO] [370/490] PREMIERENE
2026-07-26 12:22:59,370 [INFO] [371/490] PRESTIGE
2026-07-26 12:23:35,331 [INFO] [372/490] PFOCUS
2026-07-26 12:24:13,162 [INFO] [373/490] PNB
2026-07-26 12:24:44,773 [INFO] [374/490] RRKABEL
2026-07-26 12:25:18,134 [INFO] [375/490] RBLBANK
2026-07-26 14:17:17,676 [INFO] [376/490] RECLTD
2026-07-26 14:17:48,403 [INFO] [377/490] RHIM
2026-07-26 14:18:23,180 [INFO] [378/490] RITES
2026-07-26 14:18:59,136 [INFO] [379/490] RADICO
2026-07-26 14:19:35,533 [INFO] [380/490] RVNL
2026-07-26 14:20:10,774 [INFO] [381/490] RAILTEL
2026-07-26 14:20:47,151 [INFO] [382/490] RAINBOW
2026-07-26 14:21:23,111 [INFO] [383/490] RKFORGE
2026-07-26 14:21:50,581 [INFO] [384/490] REDINGTON
2026-07-26 14:22:30,188 [INFO] [385/490] RELIANCE
2026-07-26 14:23:02,860 [INFO] [386/490] RPOWER
2026-07-26 14:23:21,559 [INFO] [387/490] SBFC
2026-07-26 14:23:55,323 [INFO] [388/490] SBICARD
2026-07-26 14:24:30,677 [INFO] [389/490] SBILIFE
2026-07-26 14:25:04,457 [INFO] [390/490] SJVN
2026-07-26 14:25:40,813 [INFO] [391/490] SRF
2026-07-26 14:26:17,952 [INFO] [392/490] SAGILITY
2026-07-26 14:26:39,226 [INFO] [393/490] SAILIFE
2026-07-26 14:27:15,833 [INFO] [394/490] SAMMAANCAP
2026-07-26 14:27:45,146 [INFO] [395/490] MOTHERSON
2026-07-26 14:28:22,948 [INFO] [396/490] SAPPHIRE
2026-07-26 14:28:57,396 [INFO] [397/490] SARDAEN
2026-07-26 14:29:34,573 [INFO] [398/490] SAREGAMA
2026-07-26 14:30:05,482 [INFO] [399/490] SCHAEFFLER
2026-07-26 14:30:38,179 [INFO] [400/490] SCHNEIDER
2026-07-26 14:31:10,830 [INFO] [401/490] SCI
2026-07-26 14:31:36,607 [INFO] [402/490] SHREECEM
2026-07-26 14:32:10,841 [INFO] [403/490] SHRIRAMFIN
2026-07-26 14:32:43,404 [INFO] [404/490] SHYAMMETL
2026-07-26 14:33:17,291 [INFO] [405/490] ENRIN
2026-07-26 14:33:34,177 [INFO] [406/490] SIEMENS
2026-07-26 14:34:06,884 [INFO] [407/490] SIGNATURE
2026-07-26 14:34:36,902 [INFO] [408/490] SOBHA
2026-07-26 14:35:05,670 [INFO] [409/490] SOLARINDS
2026-07-26 14:35:45,949 [INFO] [410/490] SONACOMS
2026-07-26 14:36:16,202 [INFO] [411/490] SONATSOFTW
2026-07-26 14:36:58,616 [INFO] [412/490] STARHEALTH
2026-07-26 14:37:30,373 [INFO] [413/490] SBIN
2026-07-26 14:38:08,714 [INFO] [414/490] SAIL
2026-07-26 14:38:36,308 [INFO] [415/490] SUMICHEM
2026-07-26 14:39:12,585 [INFO] [416/490] SUNPHARMA
2026-07-26 14:39:49,179 [INFO] [417/490] SUNTV
2026-07-26 14:40:05,406 [INFO] [418/490] SUNDARMFIN
2026-07-26 14:40:29,410 [INFO] [419/490] SUPREMEIND
2026-07-26 14:41:02,190 [INFO] [420/490] SPLPETRO
2026-07-26 14:41:27,601 [INFO] [421/490] SUZLON
2026-07-26 14:41:56,394 [INFO] [422/490] SWANCORP
2026-07-26 14:42:12,195 [INFO] [423/490] SWIGGY
2026-07-26 14:42:43,475 [INFO] [424/490] SYNGENE
2026-07-26 14:43:12,063 [INFO] [425/490] SYRMA
2026-07-26 14:43:40,849 [INFO] [426/490] TBOTEK
2026-07-26 14:44:13,083 [INFO] [427/490] TVSMOTOR
2026-07-26 14:44:50,084 [INFO] [428/490] TATACAP
2026-07-26 14:45:08,681 [INFO] [429/490] TATACHEM
2026-07-26 14:45:41,100 [INFO] [430/490] TATACOMM
2026-07-26 14:46:13,278 [INFO] [431/490] TCS
2026-07-26 14:46:49,512 [INFO] [432/490] TATACONSUM
2026-07-26 14:47:28,752 [INFO] [433/490] TATAELXSI
2026-07-26 14:48:00,537 [INFO] [434/490] TATAINVEST
2026-07-26 14:48:18,740 [INFO] [435/490] TMCV
2026-07-26 14:48:42,567 [INFO] [436/490] TMPV
2026-07-26 14:49:24,805 [INFO] [437/490] TATAPOWER
2026-07-26 14:50:00,464 [INFO] [438/490] TATASTEEL
2026-07-26 14:50:37,379 [INFO] [439/490] TATATECH
2026-07-26 14:51:07,612 [INFO] [440/490] TTML
2026-07-26 14:51:25,436 [INFO] [441/490] TECHM
2026-07-26 14:52:01,562 [INFO] [442/490] TECHNOE
2026-07-26 14:52:35,602 [INFO] [443/490] TEGA
2026-07-26 14:53:03,898 [INFO] [444/490] TEJASNET
2026-07-26 14:53:46,639 [INFO] [445/490] TENNIND
2026-07-26 14:54:02,142 [INFO] [446/490] NIACL
2026-07-26 14:54:42,049 [INFO] [447/490] RAMCOCEM
2026-07-26 14:55:18,242 [INFO] [448/490] THERMAX
2026-07-26 14:55:52,123 [INFO] [449/490] TIMKEN
2026-07-26 14:56:16,381 [INFO] [450/490] TITAGARH
2026-07-26 14:56:49,647 [INFO] [451/490] TITAN
2026-07-26 14:57:25,856 [INFO] [452/490] TORNTPHARM
2026-07-26 14:58:03,211 [INFO] [453/490] TORNTPOWER
2026-07-26 14:58:37,995 [INFO] [454/490] TARIL
2026-07-26 14:59:09,502 [INFO] [455/490] TRAVELFOOD
2026-07-26 14:59:25,827 [INFO] [456/490] TRENT
2026-07-26 14:59:52,033 [INFO] [457/490] TRIDENT
2026-07-26 15:00:22,373 [INFO] [458/490] TRITURBINE
2026-07-26 15:00:52,241 [INFO] [459/490] TIINDIA
2026-07-26 15:01:29,342 [INFO] [460/490] UCOBANK
2026-07-26 15:02:02,758 [INFO] [461/490] UNOMINDA
2026-07-26 15:02:45,565 [INFO] [462/490] UPL
2026-07-26 15:03:22,069 [INFO] [463/490] UTIAMC
2026-07-26 15:03:56,985 [INFO] [464/490] ULTRACEMCO
2026-07-26 15:04:35,447 [INFO] [465/490] UNIONBANK
2026-07-26 15:05:03,099 [INFO] [466/490] UBL
2026-07-26 15:05:21,893 [INFO] [467/490] UNITDSPR
2026-07-26 15:05:48,295 [INFO] [468/490] URBANCO
2026-07-26 15:06:04,977 [INFO] [469/490] USHAMART
2026-07-26 15:06:33,197 [INFO] [470/490] VTL
2026-07-26 15:06:58,061 [INFO] [471/490] VBL
2026-07-26 15:07:25,742 [INFO] [472/490] VEDL
2026-07-26 15:07:53,425 [INFO] [473/490] VIJAYA
2026-07-26 15:08:20,314 [INFO] [474/490] VMM
2026-07-26 15:08:38,894 [INFO] [475/490] IDEA
2026-07-26 15:09:00,611 [INFO] [476/490] VOLTAS
2026-07-26 15:09:29,884 [INFO] [477/490] WAAREEENER
2026-07-26 15:09:45,799 [INFO] [478/490] WELCORP
2026-07-26 15:10:20,003 [INFO] [479/490] WELSPUNLIV
2026-07-26 15:10:50,296 [INFO] [480/490] WHIRLPOOL
2026-07-26 15:11:19,968 [INFO] [481/490] WIPRO
2026-07-26 15:11:46,062 [INFO] [482/490] WOCKPHARMA
2026-07-26 15:12:13,689 [INFO] [483/490] YESBANK
2026-07-26 15:12:40,324 [INFO] [484/490] ZFCVINDIA
2026-07-26 15:13:07,691 [INFO] [485/490] ZEEL
2026-07-26 15:13:28,839 [INFO] [486/490] ZENTEC
2026-07-26 15:13:58,351 [INFO] [487/490] ZENSARTECH
2026-07-26 15:14:27,215 [INFO] [488/490] ZYDUSLIFE
2026-07-26 15:14:56,720 [INFO] [489/490] ZYDUSWELL
2026-07-26 15:15:22,814 [INFO] [490/490] ECLERX
2026-07-26 15:15:45,256 [INFO] Fundamentals master table updated -> C:\Users\Suchit Sharma\Downloads\files\fundamentals\fundamentals_master.csv
2026-07-26 15:15:45,256 [INFO] Run complete. Re-run the same command any time to pick up where you left off (already-completed symbols are skipped via progress.csv).
2026-07-30 23:39:06,769 [INFO] Using existing symbol list: C:\Users\Suchit Sharma\Downloads\files\nifty500_symbols.txt
2026-07-30 23:39:06,837 [INFO] 500 total symbols, 500 already done, 0 remaining
2026-07-30 23:39:10,670 [INFO] generated new fontManager
2026-07-30 23:39:11,251 [INFO] Run complete. Re-run the same command any time to pick up where you left off (already-completed symbols are skipped via progress.csv).
2026-07-30 23:40:40,428 [INFO] Using existing symbol list: C:\Users\Suchit Sharma\Downloads\files\nifty500_symbols.txt
2026-07-30 23:40:40,436 [INFO] 500 total symbols, 500 already done, 0 remaining
2026-07-30 23:40:41,766 [INFO] Run complete. Re-run the same command any time to pick up where you left off (already-completed symbols are skipped via progress.csv).
2026-07-30 23:44:52,864 [INFO] Using existing symbol list: C:\Users\Suchit Sharma\Downloads\files\nifty500_symbols.txt
2026-07-30 23:44:52,872 [INFO] 10 total symbols, 500 already done, 0 remaining
2026-07-30 23:44:54,016 [INFO] Run complete. Re-run the same command any time to pick up where you left off (already-completed symbols are skipped via progress.csv).
2026-07-30 23:45:10,618 [INFO] Using existing symbol list: C:\Users\Suchit Sharma\Downloads\files\nifty500_symbols.txt
2026-07-30 23:45:10,625 [INFO] 500 total symbols, 500 already done, 0 remaining
2026-07-30 23:45:11,963 [INFO] Run complete. Re-run the same command any time to pick up where you left off (already-completed symbols are skipped via progress.csv).
2026-07-30 23:52:35,248 [INFO] Using existing symbol list: C:\Users\Suchit Sharma\Downloads\files\nifty500_symbols.txt
2026-07-30 23:52:35,269 [INFO] 500 total symbols, 500 already done, 0 remaining
2026-07-30 23:52:36,790 [INFO] Run complete. Re-run the same command any time to pick up where you left off (already-completed symbols are skipped via progress.csv).
2026-07-30 23:54:11,130 [INFO] Using existing symbol list: C:\Users\Suchit Sharma\Downloads\files\nifty500_symbols.txt
2026-07-30 23:54:11,143 [INFO] 500 total symbols, 500 already done, 0 remaining
2026-07-30 23:54:12,623 [INFO] Run complete. Re-run the same command any time to pick up where you left off (already-completed symbols are skipped via progress.csv).
